[dotenv@17.3.1] injecting env (7) from .env -- tip: ­ƒöÉ encrypt with Dotenvx: https://dotenvx.com
node : node:internal/modules/cjs/loader:1386
En línea: 1 Carácter: 1
+ node -e "require('./api/server.js')" > test_output.txt 2>&1
+ ~~~~~~~~~~~~~~~~~~~~~~~~~~~~~~~~~~~~~~~~~~~~~~~~~~~~~~~~~~~
    + CategoryInfo          : NotSpecified: (node:internal/modules/cjs/loader:1386:String) [], RemoteException
    + FullyQualifiedErrorId : NativeCommandError
 
  throw err;
  ^

Error: Cannot find module './firebase-adminsdk.json'
Require stack:
- E:\nueva web ajedrez\migracion-ajedrez\api\server.js
- E:\nueva web ajedrez\migracion-ajedrez\[eval]
    at Function._resolveFilename (node:internal/modules/cjs/loader:1383:15)
    at defaultResolveImpl (node:internal/modules/cjs/loader:1025:19)
    at resolveForCJSWithHooks (node:internal/modules/cjs/loader:1030:22)
    at Function._load (node:internal/modules/cjs/loader:1192:37)
    at TracingChannel.traceSync (node:diagnostics_channel:322:14)
    at wrapModuleLoad (node:internal/modules/cjs/loader:237:24)
    at Module.require (node:internal/modules/cjs/loader:1463:12)
    at require (node:internal/modules/helpers:147:16)
    at Object.<anonymous> (E:\nueva web ajedrez\migracion-ajedrez\api\server.js:31:28)
    at Module._compile (node:internal/modules/cjs/loader:1706:14) {
  code: 'MODULE_NOT_FOUND',
  requireStack: [
    'E:\\nueva web ajedrez\\migracion-ajedrez\\api\\server.js',
    'E:\\nueva web ajedrez\\migracion-ajedrez\\[eval]'
  ]
}

Node.js v22.19.0
